
C:\Automation\TestForDockerProject>docker ps -a
CONTAINER ID   IMAGE                             COMMAND                  CREATED          STATUS                      PORTS     NAMES
854e055c6432   oberoi_v1:1.0                     "python3 -m flask ruâ€¦"   43 minutes ago   Exited (1) 10 minutes ago             magical_napier
da7d83555f20   python                            "python3"                4 weeks ago      Exited (0) 29 hours ago               zealous_brattain
3b5c59f47237   docker/welcome-to-docker:latest   "/docker-entrypoint.â€¦"   4 weeks ago      Exited (0) 3 weeks ago                sweet_agnesi
a362f7f108d0   python:latest                     "python3"                4 weeks ago      Exited (0) 4 weeks ago                cool_haslett

C:\Automation\TestForDockerProject>docker stop 854e055c6432
854e055c6432

C:\Automation\TestForDockerProject>docker rm 854e055c6432
854e055c6432

C:\Automation\TestForDockerProject>docker images
REPOSITORY                 TAG       IMAGE ID       CREATED          SIZE
oberoi_v1                  1.0       dba67768c72a   52 minutes ago   185MB
devopscube/node-app        1.0       426c44cfb742   3 weeks ago      137MB
<none>                     <none>    5a56f5102e13   4 weeks ago      180MB
node                       latest    b678102cb2bf   4 weeks ago      1.1GB
python                     latest    fc7a60e86bae   6 weeks ago      1.02GB
docker/welcome-to-docker   latest    c1f619b6477e   2 months ago     18.6MB

C:\Automation\TestForDockerProject>docker rmi dba67768c72a
Untagged: oberoi_v1:1.0
Deleted: sha256:dba67768c72a2925eb6ae7f5de3959b828df925a08a02ef115ae207ef09c6196

C:\Automation\TestForDockerProject>docker build -t oberoi_v1:1.0 .
[+] Building 3.9s (10/10) FINISHED                                                                                                                                                                                            docker:default
 => [internal] load .dockerignore                                                                                                                                                                                                       0.0s
 => => transferring context: 2B                                                                                                                                                                                                         0.0s
 => [internal] load build definition from Dockerfile                                                                                                                                                                                    0.1s
 => => transferring dockerfile: 664B                                                                                                                                                                                                    0.0s
 => [internal] load metadata for docker.io/library/python:3.9.18-slim                                                                                                                                                                   3.3s
 => [1/5] FROM docker.io/library/python:3.9.18-slim@sha256:4608ec5783d97e57c79be56790e9f55265b7d5abbe9cf1a834dadb8ac3d0e4a0                                                                                                             0.0s
 => [internal] load build context                                                                                                                                                                                                       0.1s
 => => transferring context: 11.51kB                                                                                                                                                                                                    0.0s
 => CACHED [2/5] WORKDIR /app                                                                                                                                                                                                           0.0s
 => CACHED [3/5] COPY requirement.txt .                                                                                                                                                                                                 0.0s
 => CACHED [4/5] RUN pip install --no-cache-dir -r requirement.txt                                                                                                                                                                      0.0s
 => [5/5] COPY . .                                                                                                                                                                                                                      0.1s
 => exporting to image                                                                                                                                                                                                                  0.2s
 => => exporting layers                                                                                                                                                                                                                 0.2s
 => => writing image sha256:b47bbab74ef6c20b8ae7f9de838c43cffa6deb10bf21a276f3fe4a0d066faced                                                                                                                                            0.0s
 => => naming to docker.io/library/oberoi_v1:1.0                                                                                                                                                                                        0.0s

View build details: docker-desktop://dashboard/build/default/default/m14qdj2pfpy66egqbqjbla1xc

What's Next?
  1. Sign in to your Docker account â†’ docker login
  2. View a summary of image vulnerabilities and recommendations â†’ docker scout quickview

C:\Automation\TestForDockerProject>docker run -d -p 5000:5000 oberoi_v1:1.0
70d5341987c7bac8eba4cab7ce00bd291e9f5ba5468d5b8549f36bbf8d1b6885

C:\Automation\TestForDockerProject>docker ps
CONTAINER ID   IMAGE     COMMAND   CREATED   STATUS    PORTS     NAMES

C:\Automation\TestForDockerProject>docker ps -a
CONTAINER ID   IMAGE                             COMMAND                  CREATED              STATUS                          PORTS     NAMES
70d5341987c7   oberoi_v1:1.0                     "python3 -m flask ruâ€¦"   About a minute ago   Exited (1) About a minute ago             elastic_lederberg
da7d83555f20   python                            "python3"                4 weeks ago          Exited (0) 30 hours ago                   zealous_brattain
3b5c59f47237   docker/welcome-to-docker:latest   "/docker-entrypoint.â€¦"   4 weeks ago          Exited (0) 3 weeks ago                    sweet_agnesi
a362f7f108d0   python:latest                     "python3"                4 weeks ago          Exited (0) 4 weeks ago                    cool_haslett

C:\Automation\TestForDockerProject>docker rm 70d5341987c7
70d5341987c7

C:\Automation\TestForDockerProject>docker images
REPOSITORY                 TAG       IMAGE ID       CREATED         SIZE
oberoi_v1                  1.0       b47bbab74ef6   7 minutes ago   169MB
devopscube/node-app        1.0       426c44cfb742   3 weeks ago     137MB
<none>                     <none>    5a56f5102e13   4 weeks ago     180MB
node                       latest    b678102cb2bf   4 weeks ago     1.1GB
python                     latest    fc7a60e86bae   6 weeks ago     1.02GB
docker/welcome-to-docker   latest    c1f619b6477e   2 months ago    18.6MB

C:\Automation\TestForDockerProject>docker rmi b47bbab74ef6
Untagged: oberoi_v1:1.0
Deleted: sha256:b47bbab74ef6c20b8ae7f9de838c43cffa6deb10bf21a276f3fe4a0d066faced

C:\Automation\TestForDockerProject>docker build -t oberoirevamp_v1:1.0 .
[+] Building 4.9s (10/10) FINISHED                                                                                                                                                                                            docker:default
 => [internal] load .dockerignore                                                                                                                                                                                                       0.0s
 => => transferring context: 2B                                                                                                                                                                                                         0.0s
 => [internal] load build definition from Dockerfile                                                                                                                                                                                    0.0s
 => => transferring dockerfile: 659B                                                                                                                                                                                                    0.0s
 => [internal] load metadata for docker.io/library/python:3.9.18-slim                                                                                                                                                                   4.3s
 => [1/5] FROM docker.io/library/python:3.9.18-slim@sha256:4608ec5783d97e57c79be56790e9f55265b7d5abbe9cf1a834dadb8ac3d0e4a0                                                                                                             0.0s
 => [internal] load build context                                                                                                                                                                                                       0.2s
 => => transferring context: 1.41MB                                                                                                                                                                                                     0.1s
 => CACHED [2/5] WORKDIR /app                                                                                                                                                                                                           0.0s
 => CACHED [3/5] COPY requirement.txt .                                                                                                                                                                                                 0.0s
 => CACHED [4/5] RUN pip install --no-cache-dir -r requirement.txt                                                                                                                                                                      0.0s
 => [5/5] COPY . .                                                                                                                                                                                                                      0.2s
 => exporting to image                                                                                                                                                                                                                  0.2s
 => => exporting layers                                                                                                                                                                                                                 0.2s
 => => writing image sha256:9ea0861c7c112aef8ed5678044ec81754c2c2871c8d47160bbbf45dca1ede544                                                                                                                                            0.0s
 => => naming to docker.io/library/oberoirevamp_v1:1.0                                                                                                                                                                                  0.0s

View build details: docker-desktop://dashboard/build/default/default/vx5p1v4inh3safwvy13378zfy

What's Next?
  1. Sign in to your Docker account â†’ docker login
  2. View a summary of image vulnerabilities and recommendations â†’ docker scout quickview

C:\Automation\TestForDockerProject>docker run -d -p 5000:5000 oberoirevamp_v1:1.0
03245b3e2e941a06c847d8dd0eeb763c7298d7354e89b050278e293f24eb20dd


C:\Automation\TestForDockerProject>docker run -d -p 5000:5000 oberoi_v2:1.1
1e866b6c4481681e220aa49705045afa9efcdea299c608be1beab34cc422fc27
docker: Error response from daemon: failed to create task for container: failed to create shim task: OCI runtime create failed: runc create failed: unable to start container process: exec: "/appl": is a directory: unknown: permission denied.

C:\Automation\TestForDockerProject>docker ps -a
CONTAINER ID   IMAGE                             COMMAND                  CREATED         STATUS                   PORTS                    NAMES
1e866b6c4481   oberoi_v2:1.1                     "/appl"                  2 minutes ago   Created                  0.0.0.0:5000->5000/tcp   optimistic_dubinsky
da7d83555f20   python                            "python3"                4 weeks ago     Exited (0) 2 days ago                             zealous_brattain
3b5c59f47237   docker/welcome-to-docker:latest   "/docker-entrypoint.â€¦"   4 weeks ago     Exited (0) 4 weeks ago                            sweet_agnesi
a362f7f108d0   python:latest                     "python3"                4 weeks ago     Exited (0) 4 weeks ago                            cool_haslett

C:\Automation\TestForDockerProject>docker stop 1e866b6c4481
1e866b6c4481

C:\Automation\TestForDockerProject>docker rmi 1e866b6c4481
Error response from daemon: No such image: 1e866b6c4481:latest

C:\Automation\TestForDockerProject>docker rm 1e866b6c4481
1e866b6c4481

C:\Automation\TestForDockerProject>docker images
REPOSITORY                 TAG       IMAGE ID       CREATED         SIZE
oberoi_v2                  1.1       a89f1532ff8e   3 minutes ago   86.9MB
oberoirevamp_v1            1.0       9ea0861c7c11   23 hours ago    169MB
devopscube/node-app        1.0       426c44cfb742   3 weeks ago     137MB
node                       latest    b678102cb2bf   5 weeks ago     1.1GB
python                     latest    fc7a60e86bae   6 weeks ago     1.02GB
docker/welcome-to-docker   latest    c1f619b6477e   2 months ago    18.6MB

C:\Automation\TestForDockerProject>docker run -d -p 5000:5000 oberoirevamp_v1
Unable to find image 'oberoirevamp_v1:latest' locally
docker: Error response from daemon: pull access denied for oberoirevamp_v1, repository does not exist or may require 'docker login': denied: requested access to the resource is denied.
See 'docker run --help'.

C:\Automation\TestForDockerProject>docker run -d -p 5000:5000 oberoirevamp_v1:1.0
3f703550a47f4a5554ad7632273ef685718a2cf7e9bbc4c10b95bdd4d1daae8e
-a----        20-12-2023     13:42           3498 install-log-admin.5.txt
-a----        20-12-2023     15:30           3710 install-log-admin.txt


PS C:\ProgramData\DockerDesktop> cd C:\Automation\TestForDockerProject\kubernetes
PS C:\Automation\TestForDockerProject\kubernetes> minikube stop
W0130 17:51:15.567158   21280 main.go:291] Unable to resolve the current Docker CLI context "default": context "default": context not found: open C:\Users\Admin\.docker\contexts\meta\37a8eec1ce19687d132fe29051dca629d164e2c4958ba141d5f4133a33f0688f\meta.json: The system cannot find the path specified.
âœ‹  Stopping node "minikube"  ...
ðŸ›‘  Powering off "minikube" via SSH ...
ðŸ›‘  1 node stopped.
PS C:\Automation\TestForDockerProject\kubernetes> 
 *  History restored 

051dca629d164e2c4958ba141d5f4133a33f0688f\meta.json: The system cannot find the path specified.
ðŸ˜„  minikube v1.32.0 on Microsoft Windows 10 Enterprise 10.0.19045.3930 Build 19045.3930
âœ¨  Using the docker driver based on existing profile

ðŸ’£  Exiting due to PROVIDER_DOCKER_VERSION_EXIT_1: "docker version --format <no value>-<no value>:<no value>" exit status 1: request returned Internal Server Error for API route and version http://%2F%2F.%2Fpipe%2Fdocker_engine/v1.24/version, check if the server supports the requested API version
ðŸ“˜  Documentation: https://minikube.sigs.k8s.io/docs/drivers/docker/

PS C:\Automation\TestForDockerProject> minikube start
W0131 11:25:31.196007    7380 main.go:291] Unable to resolve the current Docker CLI context "default": context "default": context not found: open C:\Users\Admin\.docker\contexts\meta\37a8eec1ce19687d132fe29051dca629d164e2c4958ba141d5f4133a33f0688f\meta.json: The system cannot find the path specified.
âœ¨  Using the docker driver based on existing profile
ðŸ‘  Starting control plane node minikube in cluster minikube
ðŸšœ  Pulling base image ...
ðŸ”„  Restarting existing docker container for "minikube" ...
ðŸ³  Preparing Kubernetes v1.28.3 on Docker 24.0.7 ...
ðŸ”—  Configuring bridge CNI (Container Networking Interface) ...
ðŸ”Ž  Verifying Kubernetes components...
    â–ª Using image gcr.io/k8s-minikube/storage-provisioner:v5
    â–ª Using image docker.io/kubernetesui/metrics-scraper:v1.0.8
ðŸ’¡  Some dashboard features require the metrics-server addon. To enable all features please run:
        minikube addons enable metrics-server


ðŸŒŸ  Enabled addons: storage-provisioner, default-storageclass, dashboard
ðŸ„  Done! kubectl is now configured to use "minikube" cluster and "default" namespace by default
PS C:\Automation\TestForDockerProject> docker images    
REPOSITORY                    TAG       IMAGE ID       CREATED        SIZE
oberoi_v2                     1.1       a89f1532ff8e   5 days ago     86.9MB
node                          latest    b678102cb2bf   5 weeks ago    1.1GB
python                        latest    fc7a60e86bae   7 weeks ago    1.02GB
docker/welcome-to-docker      latest    c1f619b6477e   2 months ago   18.6MB
PS C:\Automation\TestForDockerProject> kubectl apply -f deployment.yml
PS C:\Automation\TestForDockerProject> cd \kubernetes\
cd : Cannot find path 'C:\kubernetes\' because it does not exist.
At line:1 char:1
+ cd \kubernetes\
+ ~~~~~~~~~~~~~~~
    + CategoryInfo          : ObjectNotFound: (C:\kubernetes\:String) [Set-Location], ItemNotFoundException
    + FullyQualifiedErrorId : PathNotFound,Microsoft.PowerShell.Commands.SetLocationCommand
PS C:\Automation\TestForDockerProject> cd C:\Automation\TestForDockerProject\kubernetes
PS C:\Automation\TestForDockerProject\kubernetes> kubectl apply -f deployment.yml
PS C:\Automation\TestForDockerProject\kubernetes> kubectl get po
NAME                           READY   STATUS             RESTARTS   AGE
python-webapp-8dd77559-x7jl8   0/1     ErrImagePull       0          18h
service/web-service unchanged
NAME                               READY   STATUS             RESTARTS   AGE
   webapp:
    Environment:  <none>
    Mounts:       <none>
Conditions:
  Type           Status  Reason
  Available      False   MinimumReplicasUnavailable
OldReplicaSets:  <none>
NewReplicaSet:   python-webapp-8dd77559 (2/2 replicas created)
Events:
  Normal  ScalingReplicaSet  21s   deployment-controller  Scaled up replica set python-webapp-8dd77559 to 2
PS C:\Automation\TestForDockerProject\kubernetes> kubectl get deployments
NAME            READY   UP-TO-DATE   AVAILABLE   AGE
python-webapp   0/2     2            0           1& minikube -p minikube docker-env --shell powershell | Invoke-Expression
W0131 12:14:31.408875   26780 main.go:291] Unable to resolve the current Docker CLI context "default": context "default": context not found: open C:\Users\Admin\.docker\contexts\meta\37a8eec1ce19687d132fe29051dca629d164e2c4958ba141d5f4133a33f0688f\meta.json: The system cannot find the path specified.
PS C:\Automation\TestForDockerProject\kubernetes> & minikube -p minikube docker-env --shell powershell | Invoke-Expression
>> 
PS C:\Automation\TestForDockerProject\kubernetes> kubectl get deployments
python-webapp   0/2     2            0           28m
PS C:\Automation\TestForDockerProject\kubernetes> kubectl delete -f .
deployment.apps "python-webapp" deleted
Error from server (NotFound): error when deleting "service.yml": services "web-service" not found
PS C:\Automation\TestForDockerProject\kubernetes> kubectl apply -f deployment.yml
deployment.apps/python-webapp created
PS C:\Automation\TestForDockerProject\kubernetes> kubectl get po
python-webapp-8dd77559-2pckm   0/1     ContainerCreating   0          8s
python-webapp-8dd77559-l4r5d   0/1     ErrImagePull        0          8s
PS C:\Automation\TestForDockerProject\kubernetes> & minikube -p minikube docker-env --shell powershell | Invoke-Expression
PS C:\Automation\TestForDockerProject\kubernetes> MINIKUBE_ACTIVE_DOCKERD
MINIKUBE_ACTIVE_DOCKERD : The term 'MINIKUBE_ACTIVE_DOCKERD' is not recognized as the name of a cmdlet, function, script file, or operable program. Check the spelling of the name, or if a path was 
included, verify that the path is correct and try again.
At line:1 char:1
+ MINIKUBE_ACTIVE_DOCKERD
+ ~~~~~~~~~~~~~~~~~~~~~~~
    + CategoryInfo          : ObjectNotFound: (MINIKUBE_ACTIVE_DOCKERD:String) [], CommandNotFoundException
    + FullyQualifiedErrorId : CommandNotFoundException
 
PS C:\Automation\TestForDockerProject\kubernetes> kubectl apply -f service.yml
service/web-service created
PS C:\Automation\TestForDockerProject> docker images
REPOSITORY                    TAG       IMAGE ID       CREATED        SIZE
webapp                        2.0       87279273756c   24 hours ago   87.9MB
oberoiwebapp                  1.0       d2fd74dd045e   24 hours ago   87.9MB
oberoi_v2                     1.1       a89f1532ff8e   5 days ago     86.9MB
oberoirevamp_v1               1.0       9ea0861c7c11   6 days ago     169MB
node                          latest    b678102cb2bf   5 weeks ago    1.1GB
python                        latest    fc7a60e86bae   7 weeks ago    1.02GB
docker/welcome-to-docker      latest    c1f619b6477e   2 months ago   18.6MB
gcr.io/k8s-minikube/kicbase   v0.0.42   dbc648475405   2 months ago   1.2GB
PS C:\Automation\TestForDockerProject> eval $(minikube docker-env)
W0131 12:31:48.698483   19708 main.go:291] Unable to resolve the current Docker CLI context "default": context "default": context not found: open C:\Users\Admin\.docker\contexts\meta\37a8eec1ce19687d132fe29051dca629d164e2c4958ba141d5f4133a33f0688f\meta.json: The system cannot find the path specified.
eval : The term 'eval' is not recognized as the name of a cmdlet, function, script file, or operable program. Check the spelling of the name, or if a path was included, verify that the
path is correct and try again.
At line:1 char:1
+ eval $(minikube docker-env)
+ ~~~~
    + CategoryInfo          : ObjectNotFound: (eval:String) [], CommandNotFoundException
    + FullyQualifiedErrorId : CommandNotFoundException

PS C:\Automation\TestForDockerProject> docker delete -f .
unknown shorthand flag: 'f' in -f
See 'docker --help'.

Usage:  docker [OPTIONS] COMMAND

A self-sufficient runtime for containers

Common Commands:
  run         Create and run a new container from an image
  exec        Execute a command in a running container
  ps          List containers
  build       Build an image from a Dockerfile
  pull        Download an image from a registry
  push        Upload an image to a registry
  images      List images
  login       Log in to a registry
  logout      Log out from a registry
  search      Search Docker Hub for images
  version     Show the Docker version information
  info        Display system-wide information

Management Commands:
  builder     Manage builds
  buildx*     Docker Buildx (Docker Inc., v0.12.0-desktop.2)
  compose*    Docker Compose (Docker Inc., v2.23.3-desktop.2)
  container   Manage containers
  context     Manage contexts
  dev*        Docker Dev Environments (Docker Inc., v0.1.0)
  extension*  Manages Docker extensions (Docker Inc., v0.2.21)
  feedback*   Provide feedback, right in your terminal! (Docker Inc., 0.1)
  image       Manage images
  init*       Creates Docker-related starter files for your project (Docker Inc., v0.1.0-beta.10)
  manifest    Manage Docker image manifests and manifest lists
  network     Manage networks
  plugin      Manage plugins
  sbom*       View the packaged-based Software Bill Of Materials (SBOM) for an image (Anchore Inc., 0.6.0)
  scan*       Docker Scan (Docker Inc., v0.26.0)
  scout*      Docker Scout (Docker Inc., v1.2.0)
  system      Manage Docker
  trust       Manage trust on Docker images
  volume      Manage volumes

Swarm Commands:
  swarm       Manage Swarm

Commands:
  attach      Attach local standard input, output, and error streams to a running container
  commit      Create a new image from a container's changes
  cp          Copy files/folders between a container and the local filesystem
  create      Create a new container
  diff        Inspect changes to files or directories on a container's filesystem
  events      Get real time events from the server
  export      Export a container's filesystem as a tar archive
  history     Show the history of an image
  import      Import the contents from a tarball to create a filesystem image
  inspect     Return low-level information on Docker objects
  kill        Kill one or more running containers
  load        Load an image from a tar archive or STDIN
  logs        Fetch the logs of a container
  pause       Pause all processes within one or more containers
  port        List port mappings or a specific mapping for the container
  rename      Rename a container
  restart     Restart one or more containers
  rm          Remove one or more containers
  rmi         Remove one or more images
  save        Save one or more images to a tar archive (streamed to STDOUT by default)
  start       Start one or more stopped containers
  stats       Display a live stream of container(s) resource usage statistics
  stop        Stop one or more running containers
  tag         Create a tag TARGET_IMAGE that refers to SOURCE_IMAGE
  top         Display the running processes of a container
  unpause     Unpause all processes within one or more containers
  update      Update configuration of one or more containers
  wait        Block until one or more containers stop, then print their exit codes

Global Options:
                           "C:\\Users\\Admin\\.docker")
  -c, --context string     Name of the context to use to connect to the
                           daemon (overrides DOCKER_HOST env var and
                           default context set with "docker context use")
  -l, --log-level string   Set the logging level ("debug", "info",
                           "warn", "error", "fatal") (default "info")
      --tls                Use TLS; implied by --tlsverify
      --tlscacert string   Trust certs signed only by this CA (default
      --tlscert string     Path to TLS certificate file (default
                           "C:\\Users\\Admin\\.docker\\cert.pem")
      --tlskey string      Path to TLS key file (default
                           "C:\\Users\\Admin\\.docker\\key.pem")
      --tlsverify          Use TLS and verify the remote
  -v, --version            Print version information and quit


For more help on how to use Docker, head to https://docs.docker.com/go/guides/
PS C:\Automation\TestForDockerProject> minikube delete -f .
051dca629d164e2c4958ba141d5f4133a33f0688f\meta.json: The system cannot find the path specified.
Error: unknown shorthand flag: 'f' in -f
See 'minikube delete --help' for usage.
PS C:\Automation\TestForDockerProject\kubernetes> minikube delete -f .
051dca629d164e2c4958ba141d5f4133a33f0688f\meta.json: The system cannot find the path specified.
Error: unknown shorthand flag: 'f' in -f
PS C:\Automation\TestForDockerProject\kubernetes> kubectl get po,svc
pod/python-webapp-8dd77559-2pckm   0/1     ErrImagePull   0          62m
pod/python-webapp-8dd77559-l4r5d   0/1     ErrImagePull   0          62m

service/kubernetes    ClusterIP   10.96.0.1        <none>        443/TCP        25h
PS C:\Automation\TestForDockerProject\kubernetes> kubectl delete -f .
service "web-service" deleted
deployment.apps/python-webapp created
PS C:\Automation\TestForDockerProject\kubernetes> kubectl get po
NAME                             READY   STATUS              RESTARTS   AGE
python-webapp-5587b98847-9tzdp   0/1     ErrImagePull        0          6s
python-webapp-5587b98847-bm7c9   0/1     ContainerCreating   0          6s
PS C:\Automation\TestForDockerProject\kubernetes> kubectl logs python-webapp-5587b98847-9tzdp
Error from server (BadRequest): container "webapp" in pod "python-webapp-5587b98847-9tzdp" is waiting to start: trying and failing to pull image
deployment.apps "python-webapp" deleted
Error from server (NotFound): error when deleting "service.yml": services "web-service" not found
PS C:\Automation\TestForDockerProject\kubernetes> kubectl apply -f deployment.yml
deployment.apps/python-webapp created
PS C:\Automation\TestForDockerProject\kubernetes> kubectl get po
NAME                             READY   STATUS              RESTARTS   AGE
python-webapp-78cb769654-7c9md   0/1     ErrImageNeverPull   0          7s
python-webapp-78cb769654-sn9d6   0/1     ErrImageNeverPull   0          7s
PS C:\Automation\TestForDockerProject\kubernetes> kubectl describe python-webapp-78cb769654-7c9md
error: the server doesn't have a resource type "python-webapp-78cb769654-7c9md"
PS C:\Automation\TestForDockerProject\kubernetes> kubectl apply -f service.yml
service/web-service created
PS C:\Automation\TestForDockerProject\kubernetes> kubectl describe python-webapp-78cb769654-7c9md
error: the server doesn't have a resource type "python-webapp-78cb769654-7c9md"
PS C:\Automation\TestForDockerProject\kubernetes> kubectl get po,svc
NAME                                 READY   STATUS              RESTARTS   AGE
pod/python-webapp-78cb769654-7c9md   0/1     ErrImageNeverPull   0          12m
pod/python-webapp-78cb769654-sn9d6   0/1     ErrImageNeverPull   0          12m

NAME                  TYPE        CLUSTER-IP      EXTERNAL-IP   PORT(S)        AGE
service/kubernetes    ClusterIP   10.96.0.1       <none>        443/TCP        25h
service/web-service   NodePort    10.110.117.53   <none>        80:31975/TCP   20s
PS C:\Automation\TestForDockerProject\kubernetes> kubectl describe pod python-webapp-78cb769654-7c9md
Name:             python-webapp-78cb769654-7c9md
Namespace:        default
Priority:         0
Service Account:  default
Node:             minikube/192.168.49.2
Start Time:       Wed, 31 Jan 2024 13:22:19 +0530
Labels:           app=web
                  pod-template-hash=78cb769654
Annotations:      <none>
Status:           Pending
IP:               10.244.0.31
IPs:
  IP:           10.244.0.31
Controlled By:  ReplicaSet/python-webapp-78cb769654
Containers:
  webapp:
    Container ID:
    Image:          webapp
    Image ID:
    Port:           5000/TCP
    Host Port:      0/TCP
    State:          Waiting
      Reason:       ErrImageNeverPull
    Ready:          False
    Restart Count:  0
    Environment:    <none>
    Mounts:
      /var/run/secrets/kubernetes.io/serviceaccount from kube-api-access-pnqrn (ro)
  Type              Status
  Initialized       True
  ContainersReady   False
Volumes:
  kube-api-access-pnqrn:
    Type:                    Projected (a volume that contains injected data from multiple sources)
    ConfigMapName:           kube-root-ca.crt
    ConfigMapOptional:       <nil>
    DownwardAPI:             true
QoS Class:                   BestEffort
Node-Selectors:              <none>
Tolerations:                 node.kubernetes.io/not-ready:NoExecute op=Exists for 300s
                             node.kubernetes.io/unreachable:NoExecute op=Exists for 300s
Events:
  Type     Reason             Age                   From               Message
  ----     ------             ----                  ----               -------
  Normal   Scheduled          13m                   default-scheduler  Successfully assigned default/python-webapp-78cb769654-7c9md to minikube
  Warning  Failed             11m (x12 over 13m)    kubelet            Error: ErrImageNeverPull
  Warning  ErrImageNeverPull  2m56s (x50 over 13m)  kubelet            Container image "webapp" is not present with pull policy of Never
PS C:\Automation\TestForDockerProject\kubernetes> kubectl delete -f .
deployment.apps "python-webapp" deleted
service "web-service" deleted
PS C:\Automation\TestForDockerProject\kubernetes> kubectl apply -f deployment.yml
deployment.apps/python-webapp created
PS C:\Automation\TestForDockerProject\kubernetes> kubectl get po
NAME                             READY   STATUS              RESTARTS   AGE
python-webapp-758969fc49-2sbhc   0/1     ContainerCreating   0          6s
python-webapp-758969fc49-474th   0/1     ErrImagePull        0          6s
PS C:\Automation\TestForDockerProject\kubernetes> kubectl describe pod python-webapp-758969fc49-2sbhc
Name:             python-webapp-758969fc49-2sbhc
Namespace:        default
Priority:         0
Service Account:  default
Node:             minikube/192.168.49.2
Start Time:       Wed, 31 Jan 2024 15:13:06 +0530
Labels:           app=web
                  pod-template-hash=758969fc49
Annotations:      <none>
Status:           Pending
IP:               10.244.0.32
IPs:
  IP:           10.244.0.32
Controlled By:  ReplicaSet/python-webapp-758969fc49
Containers:
  webapp:
    Container ID:
    Image:          webapp:2.0
    Image ID:
    Port:           5000/TCP
    Host Port:      0/TCP
    State:          Waiting
      Reason:       ImagePullBackOff
    Ready:          False
    Restart Count:  0
    Environment:    <none>
    Mounts:
      /var/run/secrets/kubernetes.io/serviceaccount from kube-api-access-gs4ts (ro)
Conditions:
  Type              Status
  Initialized       True
  Ready             False
  PodScheduled      True
Volumes:
    TokenExpirationSeconds:  3607
    ConfigMapName:           kube-root-ca.crt
    ConfigMapOptional:       <nil>
    DownwardAPI:             true
QoS Class:                   BestEffort
Node-Selectors:              <none>
Tolerations:                 node.kubernetes.io/not-ready:NoExecute op=Exists for 300s
                             node.kubernetes.io/unreachable:NoExecute op=Exists for 300s
Events:
  Type     Reason     Age                  From               Message
  ----     ------     ----                 ----               -------
  Normal   Pulling    78s (x4 over 3m3s)   kubelet            Pulling image "webapp:2.0"
  Warning  Failed     75s (x4 over 2m56s)  kubelet            Failed to pull image "webapp:2.0": Error response from daemon: pull access denied for webapp, repository does not exist or may require 'docker login': denied: requested access to the resource is denied
  Warning  Failed     75s (x4 over 2m56s)  kubelet            Error: ErrImagePull
  Warning  Failed     63s (x6 over 2m56s)  kubelet            Error: ImagePullBackOff
  Normal   BackOff    49s (x7 over 2m56s)  kubelet            Back-off pulling image "webapp:2.0"
PS C:\Automation\TestForDockerProject\kubernetes> & minikube -p minikube docker-env --shell powershell | Invoke-Expression
W0131 15:33:06.449364   24040 main.go:291] Unable to resolve the current Docker CLI context "default": context "default": context not found: open C:\Users\Admin\.docker\contexts\meta\37a8eec1ce19687d132fe29051dca629d164e2c4958ba141d5f4133a33f0688f\meta.json: The system cannot find the path specified.
PS C:\Automation\TestForDockerProject\kubernetes>
PS C:\Automation\TestForDockerProject\kubernetes> docker images
REPOSITORY                                TAG       IMAGE ID       CREATED         SIZE
registry.k8s.io/kube-apiserver            v1.28.3   537434729123   3 months ago    126MB
registry.k8s.io/kube-controller-manager   v1.28.3   10baa1ca1706   3 months ago    122MB
registry.k8s.io/kube-scheduler            v1.28.3   6d1b4fd1b182   3 months ago    60.1MB
registry.k8s.io/kube-proxy                v1.28.3   bfc896cf80fb   3 months ago    73.1MB
registry.k8s.io/etcd                      3.5.9-0   73deb9a3f702   8 months ago    294MB
registry.k8s.io/coredns/coredns           v1.10.1   ead0a4a53df8   11 months ago   53.6MB
registry.k8s.io/pause                     3.9       e6f181688397   15 months ago   744kB
kubernetesui/dashboard                    <none>    07655ddf2eeb   16 months ago   246MB
kubernetesui/metrics-scraper              <none>    115053965e86   20 months ago   43.8MB
gcr.io/k8s-minikube/storage-provisioner   v5        6e38f40d628d   2 years ago     31.5MB
PS C:\Automation\TestForDockerProject\kubernetes> docker-compose up
[+] Running 1/1
 ! web Warning                                                                                                                                                                                           3.0s 
[+] Building 9.1s (10/10) FINISHED                                                                                                                                                             docker:default
 => [web internal] load build definition from Dockerfile                                                                                                                                                 0.1s
 => => transferring dockerfile: 1.19kB                                                                                                                                                                   0.0s 
 => [web internal] load .dockerignore                                                                                                                                                                    0.1s 
 => => transferring context: 2B                                                                                                                                                                          0.0s 
 => [web internal] load metadata for docker.io/library/python:3.10.0-alpine3.15                                                                                                                          3.1s 
 => [web 1/5] FROM docker.io/library/python:3.10.0-alpine3.15@sha256:359a32afa8c60b473a9131c6331589717afdad8081baf4d779dc2b41fcd4b8df                                                                    2.3s
 => => resolve docker.io/library/python:3.10.0-alpine3.15@sha256:359a32afa8c60b473a9131c6331589717afdad8081baf4d779dc2b41fcd4b8df                                                                        0.0s 
 => => sha256:07a400e93df3fcc09e5f874878c049b15515236f55fbf76013c0779a7cc4a301 678.30kB / 678.30kB                                                                                                       0.3s 
 => => sha256:3f64f10bfe42de00957822d8ef10726b7b69ab75a9ab8e3bd7487ffebbe70a2b 11.69MB / 11.69MB                                                                                                         1.1s 
 => => sha256:359a32afa8c60b473a9131c6331589717afdad8081baf4d779dc2b41fcd4b8df 1.65kB / 1.65kB                                                                                                           0.0s
 => => sha256:190fcab705c0c5c1b11fddf336fb243e5028f9b2dceb016cae1f5c98bca25480 1.37kB / 1.37kB                                                                                                           0.0s 
 => => sha256:dd04d4f70e7c3fc372ddf5a78d703edcd80d8f51a8fe35f7c7ca64840fae3747 7.44kB / 7.44kB                                                                                                           0.0s 
 => => sha256:59bf1c3509f33515622619af21ed55bbe26d24913cedbca106468a5fb37a50c3 2.82MB / 2.82MB                                                                                                           0.5s 
 => => sha256:591482cfca0ca53a770a4995ddafe81428442db40cd250f790dc2042912b5196 229B / 229B                                                                                                               0.9s 
 => => extracting sha256:59bf1c3509f33515622619af21ed55bbe26d24913cedbca106468a5fb37a50c3                                                                                                                0.1s 
 => => sha256:9d1c822b0771708292ec2554627f7b5706ad3ba10c6cdae491a04aa2ef18fc35 2.35MB / 2.35MB                                                                                                           1.1s
 => => extracting sha256:07a400e93df3fcc09e5f874878c049b15515236f55fbf76013c0779a7cc4a301                                                                                                                0.4s
 => => extracting sha256:3f64f10bfe42de00957822d8ef10726b7b69ab75a9ab8e3bd7487ffebbe70a2b                                                                                                                0.5s
 => => extracting sha256:591482cfca0ca53a770a4995ddafe81428442db40cd250f790dc2042912b5196                                                                                                                0.0s
 => => extracting sha256:9d1c822b0771708292ec2554627f7b5706ad3ba10c6cdae491a04aa2ef18fc35                                                                                                                0.3s
 => [web internal] load build context                                                                                                                                                                    0.6s
 => => transferring context: 32.40MB                                                                                                                                                                     0.5s
 => [web 2/5] WORKDIR /app                                                                                                                                                                               0.3s
 => [web 3/5] COPY requirement.txt .                                                                                                                                                                     0.0s 
 => [web 4/5] RUN pip install --no-cache-dir -r requirement.txt                                                                                                                                          2.9s 
 => [web 5/5] COPY src src                                                                                                                                                                               0.1s 
 => [web] exporting to image                                                                                                                                                                             0.2s 
 => => exporting layers                                                                                                                                                                                  0.2s 
 => => writing image sha256:addf4da4c02d69cf7a8bad91e22c64be30c15453368fda095f0ac2dc9b221ed1                                                                                                             0.0s 
 => => naming to docker.io/library/webapp:2.0                                                                                                                                                            0.0s 
[+] Running 2/1
 âœ” Network testfordockerproject_webnet   Created                                                                                                                                                         0.0s 
 âœ” Container testfordockerproject-web-1  Created                                                                                                                                                         0.1s 
Attaching to web-1
web-1  |  * Serving Flask app 'app'
web-1  |  * Debug mode: on
web-1  | WARNING: This is a development server. Do not use it in a production deployment. Use a production WSGI server instead.
web-1  |  * Running on all addresses (0.0.0.0)
web-1  |  * Running on http://127.0.0.1:5000
web-1  |  * Running on http://172.18.0.2:5000
web-1  | Press CTRL+C to quit
web-1  |  * Restarting with stat
web-1  |  * Debugger is active!
web-1  |  * Debugger PIN: 512-581-994
k8s_webapp_python-webapp-758969fc49-2sbhc_default_d8672606-2eee-4ae0-922c-7416e55af5f4_0  |  * Serving Flask app 'app'
k8s_webapp_python-webapp-758969fc49-2sbhc_default_d8672606-2eee-4ae0-922c-7416e55af5f4_0  |  * Debug mode: on
k8s_webapp_python-webapp-758969fc49-2sbhc_default_d8672606-2eee-4ae0-922c-7416e55af5f4_0  | WARNING: This is a development server. Do not use it in a production deployment. Use a production WSGI server instead.
k8s_webapp_python-webapp-758969fc49-2sbhc_default_d8672606-2eee-4ae0-922c-7416e55af5f4_0  |  * Running on all addresses (0.0.0.0)
k8s_webapp_python-webapp-758969fc49-2sbhc_default_d8672606-2eee-4ae0-922c-7416e55af5f4_0  |  * Running on http://10.244.0.32:5000
k8s_webapp_python-webapp-758969fc49-2sbhc_default_d8672606-2eee-4ae0-922c-7416e55af5f4_0  | Press CTRL+C to quit
k8s_webapp_python-webapp-758969fc49-2sbhc_default_d8672606-2eee-4ae0-922c-7416e55af5f4_0  |  * Restarting with stat
k8s_webapp_python-webapp-758969fc49-2sbhc_default_d8672606-2eee-4ae0-922c-7416e55af5f4_0  |  * Debugger is active!
k8s_webapp_python-webapp-758969fc49-2sbhc_default_d8672606-2eee-4ae0-922c-7416e55af5f4_0  |  * Debugger PIN: 199-382-482
k8s_webapp_python-webapp-758969fc49-474th_default_63c4cddf-643f-4368-b4d5-29baff49548d_0  |  * Serving Flask app 'app'
k8s_webapp_python-webapp-758969fc49-474th_default_63c4cddf-643f-4368-b4d5-29baff49548d_0  |  * Debug mode: on
k8s_webapp_python-webapp-758969fc49-474th_default_63c4cddf-643f-4368-b4d5-29baff49548d_0  | WARNING: This is a development server. Do not use it in a production deployment. Use a production WSGI server instead.
k8s_webapp_python-webapp-758969fc49-474th_default_63c4cddf-643f-4368-b4d5-29baff49548d_0  |  * Running on all addresses (0.0.0.0)
k8s_webapp_python-webapp-758969fc49-474th_default_63c4cddf-643f-4368-b4d5-29baff49548d_0  |  * Running on http://127.0.0.1:5000
k8s_webapp_python-webapp-758969fc49-474th_default_63c4cddf-643f-4368-b4d5-29baff49548d_0  |  * Running on http://10.244.0.33:5000
k8s_webapp_python-webapp-758969fc49-474th_default_63c4cddf-643f-4368-b4d5-29baff49548d_0  |  * Restarting with stat
k8s_webapp_python-webapp-758969fc49-474th_default_63c4cddf-643f-4368-b4d5-29baff49548d_0  |  * Debugger PIN: 108-300-291
Gracefully stopping... (press Ctrl+C again to force)
[+] Stopping 1/1
web-1 exited with code 0
time="2024-01-31T15:35:11+05:30" level=error msg="got 3 SIGTERM/SIGINTs, forcing shutdown"
PS C:\Automation\TestForDockerProject\kubernetes> docker images
REPOSITORY                                TAG       IMAGE ID       CREATED              SIZE
webapp                                    2.0       addf4da4c02d   About a minute ago   87.9MB
registry.k8s.io/kube-apiserver            v1.28.3   537434729123   3 months ago         126MB
registry.k8s.io/kube-scheduler            v1.28.3   6d1b4fd1b182   3 months ago         60.1MB
registry.k8s.io/kube-controller-manager   v1.28.3   10baa1ca1706   3 months ago         122MB
registry.k8s.io/etcd                      3.5.9-0   73deb9a3f702   8 months ago         294MB
registry.k8s.io/pause                     3.9       e6f181688397   15 months ago        744kB
kubernetesui/dashboard                    <none>    07655ddf2eeb   16 months ago        246MB
kubernetesui/metrics-scraper              <none>    115053965e86   20 months ago        43.8MB
gcr.io/k8s-minikube/storage-provisioner   v5        6e38f40d628d   2 years ago          31.5MB
PS C:\Automation\TestForDockerProject\kubernetes> kubectl apply -f deployment.yml
deployment.apps/python-webapp unchanged
PS C:\Automation\TestForDockerProject\kubernetes> kubectl get po
NAME                             READY   STATUS    RESTARTS   AGE
python-webapp-758969fc49-2sbhc   1/1     Running   0          22m
python-webapp-758969fc49-474th   1/1     Running   0          22m
PS C:\Automation\TestForDockerProject\kubernetes> kubectl apply -f service.yml
service/web-service created
PS C:\Automation\TestForDockerProject\kubernetes> kubectl get po,svc
NAME                                 READY   STATUS    RESTARTS   AGE
pod/python-webapp-758969fc49-2sbhc   1/1     Running   0          23m
pod/python-webapp-758969fc49-474th   1/1     Running   0          23m

NAME                  TYPE        CLUSTER-IP     EXTERNAL-IP   PORT(S)        AGE
service/kubernetes    ClusterIP   10.96.0.1      <none>        443/TCP        27h
service/web-service   NodePort    10.104.10.14   <none>        80:32079/TCP   10s
PS C:\Automation\TestForDockerProject\kubernetes> minikube ip
192.168.49.2
PS C:\Automation\TestForDockerProject\kubernetes> docker ps -a
CONTAINER ID   IMAGE                          COMMAND                  CREATED          STATUS                     PORTS     NAMES
402c11129ecb   addf4da4c02d                   "python ./src/app.py"    3 minutes ago    Up 3 minutes                         k8s_webapp_python-webapp-758969fc49-474th_default_63c4cddf-643f-4368-b4d5-29baff49548d_0
43d446d715a3   addf4da4c02d                   "python ./src/app.py"    3 minutes ago    Up 3 minutes                         k8s_webapp_python-webapp-758969fc49-2sbhc_default_d8672606-2eee-4ae0-922c-7416e55af5f4_0
ef2fdab03287   webapp:2.0                     "python ./src/app.py"    3 minutes ago    Exited (0) 2 minutes ago             testfordockerproject-web-1
deef0901bb9e   registry.k8s.io/pause:3.9      "/pause"                 24 minutes ago   Up 24 minutes                        k8s_POD_python-webapp-758969fc49-474th_default_63c4cddf-643f-4368-b4d5-29baff49548d_0
c5257d70ba7c   registry.k8s.io/pause:3.9      "/pause"                 24 minutes ago   Up 24 minutes                        k8s_POD_python-webapp-758969fc49-2sbhc_default_d8672606-2eee-4ae0-922c-7416e55af5f4_0
8aa5f85e0c2b   07655ddf2eeb                   "/dashboard --insecuâ€¦"   4 hours ago      Up 4 hours                           k8s_kubernetes-dashboard_kubernetes-dashboard-8694d4445c-852t4_kubernetes-dashboard_86e78a00-31ab-405c-9c57-deab448e921a_2
995c1fd26cb7   6e38f40d628d                   "/storage-provisioner"   4 hours ago      Up 4 hours                           k8s_storage-provisioner_storage-provisioner_kube-system_54579ea2-b8e6-4d56-9200-43135f36181a_3
f826e3ddb6d3   07655ddf2eeb                   "/dashboard --insecuâ€¦"   4 hours ago      Exited (2) 4 hours ago               k8s_kubernetes-dashboard_kubernetes-dashboard-8694d4445c-852t4_kubernetes-dashboard_86e78a00-31ab-405c-9c57-deab448e921a_1
59b5fec13b5c   ead0a4a53df8                   "/coredns -conf /etcâ€¦"   4 hours ago      Up 4 hours                           k8s_coredns_coredns-5dd5756b68-8c6np_kube-system_d17d4d53-0aa5-4565-bfd1-2f1c36cbd1bf_1
1040a1d16a0c   115053965e86                   "/metrics-sidecar"       4 hours ago      Up 4 hours                           k8s_dashboard-metrics-scraper_dashboard-metrics-scraper-7fd5cb4ddc-rw9cb_kubernetes-dashboard_c2754f1c-7f86-424c-a2da-4d50ac6f1aa2_1
aa4d6d1ede75   6e38f40d628d                   "/storage-provisioner"   4 hours ago      Exited (1) 4 hours ago               k8s_storage-provisioner_storage-provisioner_kube-system_54579ea2-b8e6-4d56-9200-43135f36181a_2
913c20e53efa   bfc896cf80fb                   "/usr/local/bin/kubeâ€¦"   4 hours ago      Up 4 hours                           k8s_kube-proxy_kube-proxy-bh52r_kube-system_97bd08a1-1520-41c3-af73-a5e50a4cfd68_1
2eb41a8b96f4   registry.k8s.io/pause:3.9      "/pause"                 4 hours ago      Up 4 hours                           k8s_POD_kubernetes-dashboard-8694d4445c-852t4_kubernetes-dashboard_86e78a00-31ab-405c-9c57-deab448e921a_1
6b71b6ab085d   registry.k8s.io/pause:3.9      "/pause"                 4 hours ago      Up 4 hours                           k8s_POD_coredns-5dd5756b68-8c6np_kube-system_d17d4d53-0aa5-4565-bfd1-2f1c36cbd1bf_1
790d0e3d20a6   registry.k8s.io/pause:3.9      "/pause"                 4 hours ago      Up 4 hours                           k8s_POD_dashboard-metrics-scraper-7fd5cb4ddc-rw9cb_kubernetes-dashboard_c2754f1c-7f86-424c-a2da-4d50ac6f1aa2_1
e73b2f26d901   registry.k8s.io/pause:3.9      "/pause"                 4 hours ago      Up 4 hours                           k8s_POD_storage-provisioner_kube-system_54579ea2-b8e6-4d56-9200-43135f36181a_1   
04fffdf8a9f4   registry.k8s.io/pause:3.9      "/pause"                 4 hours ago      Up 4 hours                           k8s_POD_kube-proxy-bh52r_kube-system_97bd08a1-1520-41c3-af73-a5e50a4cfd68_1      
9e9919ba1a36   6d1b4fd1b182                   "kube-scheduler --auâ€¦"   4 hours ago      Up 4 hours                           k8s_kube-scheduler_kube-scheduler-minikube_kube-system_75ac196d3709dde303d8a81c035c2c28_1
b830003d6b6f   537434729123                   "kube-apiserver --adâ€¦"   4 hours ago      Up 4 hours                           k8s_kube-apiserver_kube-apiserver-minikube_kube-system_55b4bbe24dac3803a7379f9ae169d6ba_1
c2de5cb0b5f3   10baa1ca1706                   "kube-controller-manâ€¦"   4 hours ago      Up 4 hours                           k8s_kube-controller-manager_kube-controller-manager-minikube_kube-system_7da72fc2e2cfb27aacf6cffd1c72da00_1
c1b3be43b761   73deb9a3f702                   "etcd --advertise-clâ€¦"   4 hours ago      Up 4 hours                           k8s_etcd_etcd-minikube_kube-system_9aac5b5c8815def09a2ef9e37b89da55_1
c118389c1be0   registry.k8s.io/pause:3.9      "/pause"                 4 hours ago      Up 4 hours                           k8s_POD_etcd-minikube_kube-system_9aac5b5c8815def09a2ef9e37b89da55_1
ad4ae25a2cd5   registry.k8s.io/pause:3.9      "/pause"                 4 hours ago      Up 4 hours                           k8s_POD_kube-scheduler-minikube_kube-system_75ac196d3709dde303d8a81c035c2c28_1   
a4db795f187d   registry.k8s.io/pause:3.9      "/pause"                 4 hours ago      Up 4 hours                           k8s_POD_kube-controller-manager-minikube_kube-system_7da72fc2e2cfb27aacf6cffd1c72da00_1
4f73d62e1c85   registry.k8s.io/pause:3.9      "/pause"                 4 hours ago      Up 4 hours                           k8s_POD_kube-apiserver-minikube_kube-system_55b4bbe24dac3803a7379f9ae169d6ba_1   
1d2ef03e221f   kubernetesui/metrics-scraper   "/metrics-sidecar"       27 hours ago     Exited (2) 22 hours ago              k8s_dashboard-metrics-scraper_dashboard-metrics-scraper-7fd5cb4ddc-rw9cb_kubernetes-dashboard_c2754f1c-7f86-424c-a2da-4d50ac6f1aa2_0
acd0c655d29e   registry.k8s.io/pause:3.9      "/pause"                 27 hours ago     Exited (0) 22 hours ago              k8s_POD_dashboard-metrics-scraper-7fd5cb4ddc-rw9cb_kubernetes-dashboard_c2754f1c-7f86-424c-a2da-4d50ac6f1aa2_0
3f0018aa0e48   ead0a4a53df8                   "/coredns -conf /etcâ€¦"   27 hours ago     Exited (0) 22 hours ago              k8s_coredns_coredns-5dd5756b68-8c6np_kube-system_d17d4d53-0aa5-4565-bfd1-2f1c36cbd1bf_0
99195e4c63e8   bfc896cf80fb                   "/usr/local/bin/kubeâ€¦"   27 hours ago     Exited (2) 22 hours ago              k8s_kube-proxy_kube-proxy-bh52r_kube-system_97bd08a1-1520-41c3-af73-a5e50a4cfd68_0
1fe80a902d5f   registry.k8s.io/pause:3.9      "/pause"                 27 hours ago     Exited (0) 22 hours ago              k8s_POD_coredns-5dd5756b68-8c6np_kube-system_d17d4d53-0aa5-4565-bfd1-2f1c36cbd1bf_0
7e204558c68e   registry.k8s.io/pause:3.9      "/pause"                 27 hours ago     Exited (0) 22 hours ago              k8s_POD_kube-proxy-bh52r_kube-system_97bd08a1-1520-41c3-af73-a5e50a4cfd68_0      
eef6f13d19a8   537434729123                   "kube-apiserver --adâ€¦"   27 hours ago     Exited (0) 22 hours ago              k8s_kube-apiserver_kube-apiserver-minikube_kube-system_55b4bbe24dac3803a7379f9ae169d6ba_0
f6a5a3dea952   6d1b4fd1b182                   "kube-scheduler --auâ€¦"   27 hours ago     Exited (1) 22 hours ago              k8s_kube-scheduler_kube-scheduler-minikube_kube-system_75ac196d3709dde303d8a81c035c2c28_0
3f0220d37b33   10baa1ca1706                   "kube-controller-manâ€¦"   27 hours ago     Exited (2) 22 hours ago              k8s_kube-controller-manager_kube-controller-manager-minikube_kube-system_7da72fc2e2cfb27aacf6cffd1c72da00_0
4507daa2884a   73deb9a3f702                   "etcd --advertise-clâ€¦"   27 hours ago     Exited (0) 22 hours ago              k8s_etcd_etcd-minikube_kube-system_9aac5b5c8815def09a2ef9e37b89da55_0
3a6f5ad66261   registry.k8s.io/pause:3.9      "/pause"                 27 hours ago     Exited (0) 22 hours ago              k8s_POD_kube-scheduler-minikube_kube-system_75ac196d3709dde303d8a81c035c2c28_0   
e7de2a9c3538   registry.k8s.io/pause:3.9      "/pause"                 27 hours ago     Exited (0) 22 hours ago              k8s_POD_kube-controller-manager-minikube_kube-system_7da72fc2e2cfb27aacf6cffd1c72da00_0
a533f1ca2661   registry.k8s.io/pause:3.9      "/pause"                 27 hours ago     Exited (0) 22 hours ago              k8s_POD_kube-apiserver-minikube_kube-system_55b4bbe24dac3803a7379f9ae169d6ba_0   
fc7b7729c95c   registry.k8s.io/pause:3.9      "/pause"                 27 hours ago     Exited (0) 22 hours ago              k8s_POD_etcd-minikube_kube-system_9aac5b5c8815def09a2ef9e37b89da55_0
PS C:\Automation\TestForDockerProject\kubernetes> kubectl get po,svc
NAME                                 READY   STATUS    RESTARTS   AGE
pod/python-webapp-758969fc49-2sbhc   1/1     Running   0          28m
pod/python-webapp-758969fc49-474th   1/1     Running   0          28m

NAME                  TYPE        CLUSTER-IP     EXTERNAL-IP   PORT(S)        AGE  
service/kubernetes    ClusterIP   10.96.0.1      <none>        443/TCP        27h  
service/web-service   NodePort    10.104.10.14   <none>        80:32079/TCP   5m32s
PS C:\Automation\TestForDockerProject\kubernetes> kubectl describe pod python-webapp-758969fc49-2sbhc
Name:             python-webapp-758969fc49-2sbhc   
Namespace:        default
Priority:         0
Service Account:  default
Node:             minikube/192.168.49.2
Start Time:       Wed, 31 Jan 2024 15:13:06 +0530  
Labels:           app=web
                  pod-template-hash=758969fc49     
Annotations:      <none>
Status:           Running
IP:               10.244.0.32
IPs:
  IP:           10.244.0.32
Controlled By:  ReplicaSet/python-webapp-758969fc49
Containers:
  webapp:
    Container ID:   docker://43d446d715a37655be83d5fd7b4f10465b81bd1ce7144687941a37a99a799aab
    Image:          webapp:2.0
    Image ID:       docker://sha256:addf4da4c02d69cf7a8bad91e22c64be30c15453368fda095f0ac2dc9b221ed1
    Port:           5000/TCP
    Host Port:      0/TCP
    State:          Running
      Started:      Wed, 31 Jan 2024 15:34:12 +0530
    Ready:          True
    Restart Count:  0
    Environment:    <none>
    Mounts:
      /var/run/secrets/kubernetes.io/serviceaccount from kube-api-access-gs4ts (ro)
Conditions:
  Type              Status
  Initialized       True
  Ready             True
  ContainersReady   True
  PodScheduled      True
Volumes:
  kube-api-access-gs4ts:
    Type:                    Projected (a volume that contains injected data from multiple sources)
    TokenExpirationSeconds:  3607
    ConfigMapName:           kube-root-ca.crt
    ConfigMapOptional:       <nil>
    DownwardAPI:             true
QoS Class:                   BestEffort
Node-Selectors:              <none>
Tolerations:                 node.kubernetes.io/not-ready:NoExecute op=Exists for 300s
                             node.kubernetes.io/unreachable:NoExecute op=Exists for 300s
Events:
  Type     Reason     Age                   From               Message
  ----     ------     ----                  ----               -------
  Normal   Scheduled  29m                   default-scheduler  Successfully assigned default/python-webapp-758969fc49-2sbhc to minikube
  Normal   Pulling    27m (x4 over 29m)     kubelet            Pulling image "webapp:2.0"
  Warning  Failed     27m (x4 over 29m)     kubelet            Failed to pull image "webapp:2.0": Error response from daemon: pull access denied for webapp, repository does not exist or may require 'docker 
login': denied: requested access to the resource is denied
  Warning  Failed     27m (x4 over 29m)     kubelet            Error: ErrImagePull
  Warning  Failed     27m (x6 over 29m)     kubelet            Error: ImagePullBackOff
  Normal   BackOff    9m19s (x84 over 29m)  kubelet            Back-off pulling image "webapp:2.0"
PS C:\Automation\TestForDockerProject\kubernetes>
C:\Automation\TestForDockerProject>docke tag webapp:2.0 pravindevopsch/webapp:2.0
'docke' is not recognized as an internal or external command,
operable program or batch file.

C:\Automation\TestForDockerProject>docker tag webapp:2.0 pravindevopsch/webapp:2.0

C:\Automation\TestForDockerProject>docker push pravindevopsch/webapp:2.0
The push refers to repository [docker.io/pravindevopsch/webapp]
b475b4978741: Pushed
db99edeee8d1: Pushed
a2e94711f696: Pushed
775bc4a10c1c: Pushed
d6a5e629f2b8: Pushed
10c7d94a5e7e: Pushed
79e750730574: Pushed
f57e81d89e60: Pushed
8d3ac3489996: Pushed
2.0: digest: sha256:1eafa05eff9d186bf138e952aa040b7e0c906efac3c1a59f818960b81f3e14a9 size: 2204

PS C:\Automation\TestForDockerProject> minikube start --driver=docker
W0307 11:35:51.197972   14932 main.go:291] Unable to resolve the current Docker CLI context "default": context "default": context not found: open C:\Users\Admin\.docker\contexts\meta\37a8eec1ce19687d132fe29ðŸ˜„  minikube v1.32.0 on Microsoft Windows 10 Enterprise 10.0.19045.4046 Build 19045.4046
ðŸ‘  Starting control plane node minikube in cluster minikube
ðŸ”¥  Creating docker container (CPUs=2, Memory=3900MB) ...
    â–ª Generating certificates and keys ...
    â–ª Booting up control plane ...
    â–ª Configuring RBAC rules ...
ðŸ”—  Configuring bridge CNI (Container Networking Interface) ...
ðŸ”Ž  Verifying Kubernetes components...
    â–ª Using image gcr.io/k8s-minikube/storage-provisioner:v5
ðŸŒŸ  Enabled addons: storage-provisioner, default-storageclass
PS C:\Automation\TestForDockerProject> kubectl get pods -A
NAMESPACE     NAME                               READY   STATUS    RESTARTS   AGE
kube-system   coredns-5dd5756b68-wbd28           1/1     Running   0          61s
kube-system   kube-apiserver-minikube            1/1     Running   0          76s
kube-system   kube-controller-manager-minikube   1/1     Running   0          74s
kube-system   kube-proxy-jx82r                   1/1     Running   0          62s
kube-system   kube-scheduler-minikube            1/1     Running   0          74s
kube-system   storage-provisioner                1/1     Running   0          71s
PS C:\Automation\TestForDockerProject> kubectl get po,svc
service/kubernetes   ClusterIP   10.96.0.1    <none>        443/TCP   3m22s
PS C:\Automation\TestForDockerProject> kubectl apply -f deployment.yml
error: the path "deployment.yml" does not exist
PS C:\Automation\TestForDockerProject> cd C:\Automation\TestForDockerProject\kubernetes
PS C:\Automation\TestForDockerProject\kubernetes> kubectl apply -f deployment.yml   
deployment.apps/python-webapp created
service/web-service created
PS C:\Automation\TestForDockerProject\kubernetes> kubectl get po,svc
NAME                                 READY   STATUS    RESTARTS   AGE
pod/python-webapp-599fd9fd68-cq4d6   1/1     Running   0          18s
pod/python-webapp-599fd9fd68-kqjzl   1/1     Running   0          18s

NAME                  TYPE        CLUSTER-IP      EXTERNAL-IP   PORT(S)        AGE
service/kubernetes    ClusterIP   10.96.0.1       <none>        443/TCP        5m31s
service/web-service   NodePort    10.99.251.251   <none>        80:32374/TCP   6s
PS C:\Automation\TestForDockerProject\kubernetes> minikube ip
W0307 11:42:16.243805   21784 main.go:291] Unable to resolve the current Docker CLI context "default": context "default": context not found: open C:\Users\Admin\.docker\contexts\meta\37a8eec1ce19687d132fe29051dca629d164e2c4958ba141d5f4133a33f0688f\meta.json: The system cannot find the path specified.
192.168.49.2
PS C:\Automation\TestForDockerProject\kubernetes> minikube service web --url
W0307 11:43:11.430703   11240 main.go:291] Unable to resolve the current Docker CLI context "default": context "default": context not found: open C:\Users\Admin\.docker\contexts\meta\37a8eec1ce19687d132fe29051dca629d164e2c4958ba141d5f4133a33f0688f\meta.json: The system cannot find the path specified.

âŒ  Exiting due to SVC_NOT_FOUND: Service 'web' was not found in 'default' namespace.
You may select another namespace by using 'minikube service web -n <namespace>'. Or list out all the services using 'minikube service list'

PS C:\Automation\TestForDockerProject\kubernetes> minikube service service/web-service --url
W0307 11:43:54.479234   16988 main.go:291] Unable to resolve the current Docker CLI context "default": context "default": context not found: open C:\Users\Admin\.docker\contexts\meta\37a8eec1ce19687d132fe29051dca629d164e2c4958ba141d5f4133a33f0688f\meta.json: The system cannot find the path specified.

âŒ  Exiting due to SVC_NOT_FOUND: Service 'service/web-service' was not found in 'default' namespace.
You may select another namespace by using 'minikube service service/web-service -n <namespace>'. Or list out all the services using 'minikube service list'

PS C:\Automation\TestForDockerProject\kubernetes> minikube service web-service --url
W0307 11:44:14.119335   23560 main.go:291] Unable to resolve the current Docker CLI context "default": context "default": context not found: open C:\Users\Admin\.docker\contexts\meta\37a8eec1ce19687d132fe29051dca629d164e2c4958ba141d5f4133a33f0688f\meta.json: The system cannot find the path specified.
http://127.0.0.1:64783
â—  Because you are using a Docker driver on windows, the terminal needs to be open to run it.
